Debian Linux install

## download the first iso ("DVD-1"): debian-11.5.0-amd64-DVD-1.iso
## disconnect Cable to turn off network for fast installation

$ ls /sys/class/net/
ens33
$

$ ip addr | grep inet
$ /usr/sbin/ifup ens33
$ ifdown ens33
$ ethtool ens33

## dynamic ip
$ vi /etc/network/interfaces
auto ens33
allow-hotplug ens33
iface ens33 inet dhcp
$

## static ip
$ vi /etc/network/interfaces
auto ens33
allow-hotplug ens33
iface ens33 inet static
  address 192.168.1.2/24
  gateway 192.157.1.1
$

## dns
$ vi /etc/resolv.conf
nameserver 192.168.1.1
nameserver 8.8.8.8
$

$ ping debian.org

## https://mirrors.tuna.tsinghua.edu.cn/help/debian/
## click (?) for help on mirror in china

$ vi /etc/apt/sources.list
deb https://mirrors.tuna.tsinghua.edu.cn/debian 		      bookworm 	          main contrib non-free non-free-firmware
deb https://mirrors.tuna.tsinghua.edu.cn/debian 		      bookworm-updates 	  main contrib non-free non-free-firmware
deb https://mirrors.tuna.tsinghua.edu.cn/debian 		      bookworm-backports 	main contrib non-free non-free-firmware
deb https://mirrors.tuna.tsinghua.edu.cn/debian-security	bookworm-security  	main contrib non-free non-free-firmware
$

$ apt update
$ apt upgrade

$ cat /etc/group
$ su -c "/usr/sbin/usermod -a -G sudo `whoami`"
$ newgrp sudo
$ sg sudo
$ groups
sudo
$

$ vi ~/.inputrc
set editing-mode vi
$

## set environment variables like PATH in ~/.profile
$ vi ~/.bashrc
alias ls="ls --color=never"
alias tree="tree -n"
PS1='\$ '
$

$ apt install vim
$ update-alternatives --config editor
$ vi -u /home/ljh/.vimrc ~/.vimrc
set hlsearch
set nowrapscan
syntax off
$

$ apt list --installed ifupdown openssh-server isc-dhcp-client sudo

## list content of installed package
$ dpkg -L gcc
/usr/bin/c99-gcc
/usr/bin/gcc
$

## which installed package has the file
$ dpkg -S /usr/bin/gcc
gcc: /usr/bin/c99-gcc
$

$ apt install apt-file
$ apt-file update

## list content of package
$ apt-file list gcc
gcc: /usr/bin/c99-gcc
gcc: /usr/bin/gcc
$

## which package has the file
$ apt-file --package-only search gcc
gcc
gcc-11
$

$ apt install openssh-server samba
$ systemctl enable ssh smbd nmbd
$ systemctl start ssh smbd nmbd

$ smbpasswd -a `whoami`
$ vi /etc/samba/smb.conf
[homes]
  read only = no
  create mask = 0755
  directory mask = 0755
$

$ apt install build-essential
$ apt install gdb
$ apt install cmake
$ apt install automake autoconf libtool
$ apt install gcc-doc gdb-doc manpages-dev

## VSCode, cpptools, clangd, CodeLLDB
$ dpkg -i code_1.74.3-1673284829_amd64.deb
$ apt install apt-transport-https
$ apt update  # use apt instead of apt-get
$ apt install code

## https://clangd.llvm.org/installation
$ apt install clangd
$ apt install clangd-13
$ update-alternatives --install /usr/bin/clangd clangd /usr/bin/clangd-13 100

## install multiple gcc compiler versions
$ apt install gcc-10 gcc-9

$ update-alternatives --install /usr/bin/gcc gcc /usr/bin/gcc-9 90
$ update-alternatives --install /usr/bin/gcc gcc /usr/bin/gcc-10 100
$ update-alternatives --install /usr/bin/g++ g++ /usr/bin/g++-9 90
$ update-alternatives --install /usr/bin/g++ g++ /usr/bin/g++-10 100

$ update-alternatives --config gcc
$ update-alternatives --config g++
$ gcc --version
$ g++ --version

## tree using find
$ find . -print | sed -e 's;[^/]*/;|____;g;s;____|; |;g'

## find large size directories or files (use -h in both commands)
$ du -h -d1 /home/* | sort -hr | head -5

$ timedatectl list-timezones
$ timedatectl set-timezone "Asia/Shanghai"
$ /usr/sbin/dpkg-reconfigure tzdata

## console font: VGA
$ /usr/sbin/dpkg-reconfigure console-setup

$ systemctl get-default
graphical.target
$

$ ls /lib/systemd/system/*.target | grep multi-user
/lib/systemd/system/multi-user.target
$

$ systemctl set-default multi-user.target # graphical.target
$ init 3 # 5

$ lsblk
sr0
$

$ fdisk /dev/sdb
$ mkfs.ext4 /dev/sdb1
$ mount /dev/sdb1 /mnt/data

$ vi /etc/fstab
/dev/sr0 /media/cdrom0
$

$ df -h
/dev/sr0 3.7G /media/cdrom0
$

## resize disk partition
$ apt install gparted
## Disks / Delete swap partition / Delete extended partition
## / resize: reserve 1.0 GB (same) free space for extended and swap
## / create extended partition / create swap partition

## chinese input method editor (ime)
$ apt install ibus-libpinyin

## add four zh_CN* locales
## do not change default locale (en_US.UTF-8)
$ dpkg-reconfigure locales
## logout or restart to take effect
## Settings / Region & Language / Input Sources / + / Chinese /
  Chinese (Intelligent Pinyin) / Add

## disable suspend or hibernation
## automatic suspend - computer will suspend very soon because of inactivity
$ systemctl mask sleep.target suspend.target hibernate.target hybrid-sleep.target
$ gsettings set org.gnome.settings-daemon.plugins.power sleep-inactive-ac-type 'nothing'

## Left Super
$ gsettings get org.gnome.mutter overlay-key
'Super_L'
$ gsettings set org.gnome.mutter overlay-key ''

## settings / keyboard shortcuts
View split on left : Super + Left arrow
View split on right: Super + Left arrow
Restore window     : Super + Down arrow
Maximize window    : Super + Up arrow

## gave up waiting for suspend / resume device
## a start job is running for dev-disk-by
## use UUID from blkid to correct wrong UUID in files
$ blkid
$ vi /etc/initramfs-tools/conf.d/resume
$ vi /etc/fstab

## /usr/sbin/update-initramfs: 142: mkinitramfs: not found
$ PATH=$PATH:/usr/sbin sudo /usr/sbin/update-initramfs -u
update-initramfs: Generating /boot/initrd.img-5.10.0-20-amd64
$
