
Ubuntu Linux


## disconnect network cable for fast installation

$ ls /sys/class/net/
ens33
$
$ ip addr

## dynamic ip
$ vi /etc/network/interfaces
auto ens33
allow-hotplug ens33
iface ens33 inet dhcp
$

## static ip
$ vi /etc/network/interfaces
auto ens33
allow-hotplug ens33
iface ens33 inet static
  address 192.168.1.2/24
  gateway 192.157.1.1
$
$ ifup ens33
$ ifdown ens33
$ ethtool ens33

$ vi /etc/NetworkManager/system-connections/ens33.nmconnection
[ipv4]
method=auto
#method=manual
#address=192.168.1.100/24
#gateway=192.168.1.1
#dns=8.8.8.8;192.168.1.1
$
$ systemctl restart NetworkManager

## dynamic ip address
$ vi /etc/netplan/99-config.yaml
network:
  version: 2
  renderer: networkd
  ethernets:
    eth0:
      dhcp4: true

$

## replace `dhcp4` with static ip, dns,
$ vi /etc/netplan/99-config.yaml
network:
  version: 2
  renderer: networkd
  ethernets:
    eth0:
      addresses:
        - 192.168.1.123/24
      routes:
        - to: default
          via: 192.168.1.1
      nameservers:
        search: [mydomain, otherdomain]
        addresses: [192.168.1.1, 8.8.8.8]

$
$ netplan apply

## dns, use netplan configuration instead,
# $ vi /etc/resolv.conf
# nameserver 192.168.1.1
# nameserver 8.8.8.8
# $

$ ping ubuntu.com

## https://mirrors.tuna.tsinghua.edu.cn/help/ubuntu/
## click (?) for help on mirror in china

$ cp /etc/apt/sources.list /etc/apt/sources.list.bak
$ sudo sed -i "s@http://.*archive.ubuntu.com@https://mirrors.tuna.tsinghua.edu.cn@g" /etc/apt/sources.list
$ sudo sed -i "s@http://.*security.ubuntu.com@https://mirrors.tuna.tsinghua.edu.cn@g" /etc/apt/sources.list
$

# oracular is codename of ubuntu 24.10
$ lsb_release -a | grep -i codename
Codename:       oracular
$

$ vi /etc/apt/sources.list
deb https://mirrors.tuna.tsinghua.edu.cn/ubuntu/ oracular           main restricted universe multiverse
deb https://mirrors.tuna.tsinghua.edu.cn/ubuntu/ oracular-updates   main restricted universe multiverse
deb https://mirrors.tuna.tsinghua.edu.cn/ubuntu/ oracular-backports main restricted universe multiverse
deb https://mirrors.tuna.tsinghua.edu.cn/ubuntu/ oracular-security  main restricted universe multiverse
$
$ apt update
$ apt upgrade

$ vi /etc/group
$ usermod -a -G sudo `whoami`
$ sg sudo
$ groups
sudo
$

$ vi ~/.inputrc
set editing-mode vi
$

## environment variables in ~/.profile, eg. PATH
$ vi ~/.bashrc
PS1='\$ '
ulimit -c unlimited  # systemd-coredump
alias ls="ls --color=never"
alias tree="tree -n"
export HISTCONTROL="ignoredups:erasedups"
export PROMPT_COMMAND='history -a'
$

$ apt install vim
$ update-alternatives --config editor
$ vi -u /home/ljh/.vimrc ~/.vimrc
set hlsearch
set nowrapscan
syntax off
$

$ apt list --installed ifupdown openssh-server isc-dhcp-client sudo

## list content of installed package
$ dpkg -L gcc
/usr/bin/c99-gcc
/usr/bin/gcc
$

## which installed package has the file
$ dpkg -S /usr/bin/gcc
gcc: /usr/bin/c99-gcc
$

$ apt install apt-file
$ apt-file update

## list content of package
$ apt-file list gcc
gcc: /usr/bin/c99-gcc
gcc: /usr/bin/gcc
$

## which package has the file
$ apt-file --package-only search /usr/bin/gcc
gcc
gcc-11
$

$ apt install openssh-server samba
$ systemctl enable ssh smbd nmbd
$ systemctl start ssh smbd nmbd
$ systemctl disable ufw

$ sudo smbpasswd -a `whoami`
$ vi /etc/samba/smb.conf
[homes]
  browseable = no
  read only = no
  create mask = 0755
  directory mask = 0755
$

## firewall
$ ufw app list
$ ufw allow Samba

$ apt install build-essential
$ apt install gdb
$ apt install cmake
$ apt install automake autoconf libtool pkg-config
$ apt install gcc-doc gdb-doc manpages-dev
$ apt install clang llvm lldb
$ apt install systemd-coredump

## VSCode, cpptools, clangd, CodeLLDB
$ apt install ./<file>.deb
$ dpkg -i <file>.deb
$ apt install -f # Install dependencies
$ /usr/bin/code

## https://clangd.llvm.org/installation
$ apt install clangd
$ apt install clangd-13
$ update-alternatives --install /usr/bin/clangd clangd /usr/bin/clangd-13 100

## install multiple gcc compiler versions
$ apt install gcc-10 gcc-9

$ update-alternatives --install /usr/bin/gcc gcc /usr/bin/gcc-9 90
$ update-alternatives --install /usr/bin/gcc gcc /usr/bin/gcc-10 100
$ update-alternatives --install /usr/bin/g++ g++ /usr/bin/g++-9 90
$ update-alternatives --install /usr/bin/g++ g++ /usr/bin/g++-10 100

## mode: auto, manual. priority matters in auto mode.
$ update-alternatives --config gcc
$ update-alternatives --config g++
$ gcc --version
$ g++ --version

## tree using find
$ find . -print | sed -e 's;[^/]*/;|____;g;s;____|; |;g'

## find large size directories or files (use -h in both commands)
$ du -h -d1 /home/* | sort -hr | head -5

$ timedatectl list-timezones
$ timedatectl set-timezone "Asia/Shanghai"
$ /usr/sbin/dpkg-reconfigure tzdata

## Console Font: VGA
$ /usr/sbin/dpkg-reconfigure console-setup

$ ls -l /etc/systemd/system/default.target
/etc/systemd/system/default.target -> /lib/systemd/system/multi-user.target
$ systemctl get-default
$ systemctl set-default multi-user.target # graphical.target
$ init 3 # 5

$ lsblk
$ df -h
$ fdisk /dev/sdb
$ mkfs.ext4 /dev/sdb1
$ mkdir /mnt/data
$ mount /dev/sdb1 /mnt/data
$ vi /etc/fstab
  /dev/sdb1 /mnt/data ext4 defaults 0 0
$ mount /mnt/data/

## resize disk partition
$ apt install gparted

## chinese input method editor (ime) ibus-libpinyin
  Settings / Region & Language / Manage Installed Languages / Language
  / Install Remove Languages... / Chinese (Simplified): * / Apply
## restart required
## add an input source
  Settings / Keyboard / Input Sources / + / Chinese
  / Chinese (intelligent pinyin) / Add

$ apt install ibus-libpinyin
$ dpkg-reconfigure locales

## disable suspend or hibernation
## automatic suspend - computer will suspend very soon because of inactivity
$ systemctl mask sleep.target suspend.target hibernate.target hybrid-sleep.target
$ gsettings set org.gnome.settings-daemon.plugins.power sleep-inactive-ac-type 'nothing'

## hide "show apps" on dock
$ gsettings set org.gnome.shell.extensions.dash-to-dock show-show-apps-button false

## Left Super
$ gsettings get org.gnome.mutter overlay-key
'Super_L'
$ gsettings set org.gnome.mutter overlay-key ''

## settings / keyboard shortcuts
View split on left : Super + Left arrow
View split on right: Super + Left arrow
Restore window     : Super + Down arrow
Maximize window    : Super + Up arrow

## Error constructing proxy for org.gnome.Terminal
$ localectl set-locale LANG="en_US.UTF-8"

## or,
$ vi /etc/default/locale
LANG=en_US.UTF-8
$

## then restart
$ shutdown -r now
$
